16:13:56 **** Incremental Build of configuration Debug for project FW_frtos_mqtt ****
make -j7 all 
arm-none-eabi-gcc "../Core/Src/freertos.c" -mcpu=cortex-m7 -std=gnu11 -g3 -DDEBUG -DUSE_HAL_DRIVER -DSTM32F767xx -c -I../Core/Inc -I../Middlewares/Third_Party/MQTT/MQTTPacket -I../Middlewares/Third_Party/MQTT -I../Drivers/STM32F7xx_HAL_Driver/Inc -I../Drivers/STM32F7xx_HAL_Driver/Inc/Legacy -I../Drivers/CMSIS/Device/ST/STM32F7xx/Include -I../Drivers/CMSIS/Include -I../LWIP/App -I../LWIP/Target -I../Middlewares/Third_Party/LwIP/src/include -I../Middlewares/Third_Party/LwIP/system -I../Middlewares/Third_Party/FreeRTOS/Source/include -I../Middlewares/Third_Party/FreeRTOS/Source/CMSIS_RTOS -I../Middlewares/Third_Party/FreeRTOS/Source/portable/GCC/ARM_CM7/r0p1 -I../Middlewares/Third_Party/LwIP/src/include/netif/ppp -I../Middlewares/Third_Party/LwIP/src/include/lwip -I../Middlewares/Third_Party/LwIP/src/include/lwip/apps -I../Middlewares/Third_Party/LwIP/src/include/lwip/priv -I../Middlewares/Third_Party/LwIP/src/include/lwip/prot -I../Middlewares/Third_Party/LwIP/src/include/netif -I../Middlewares/Third_Party/LwIP/src/include/compat/posix -I../Middlewares/Third_Party/LwIP/src/include/compat/posix/arpa -I../Middlewares/Third_Party/LwIP/src/include/compat/posix/net -I../Middlewares/Third_Party/LwIP/src/include/compat/posix/sys -I../Middlewares/Third_Party/LwIP/src/include/compat/stdc -I../Middlewares/Third_Party/LwIP/system/arch -O0 -ffunction-sections -fdata-sections -Wall -fstack-usage -MMD -MP -MF"Core/Src/freertos.d" -MT"Core/Src/freertos.o" --specs=nano.specs -mfpu=fpv5-d16 -mfloat-abi=hard -mthumb -o "Core/Src/freertos.o"
arm-none-eabi-gcc -o "FW_frtos_mqtt.elf" @"objects.list"   -mcpu=cortex-m7 -T"/Users/cesarcruz/STM32CubeIDE/workspace_1.6.1/FW_frtos_mqtt/STM32F767ZITX_FLASH.ld" --specs=nosys.specs -Wl,-Map="FW_frtos_mqtt.map" -Wl,--gc-sections -static --specs=nano.specs -mfpu=fpv5-d16 -mfloat-abi=hard -mthumb -Wl,--start-group -lc -lm -Wl,--end-group
Finished building target: FW_frtos_mqtt.elf
 
arm-none-eabi-size   FW_frtos_mqtt.elf 
arm-none-eabi-objdump -h -S  FW_frtos_mqtt.elf  > "FW_frtos_mqtt.list"
arm-none-eabi-objcopy  -O binary  FW_frtos_mqtt.elf  "FW_frtos_mqtt.bin"
Finished building: FW_frtos_mqtt.bin
 
   text	   data	    bss	    dec	    hex	filename
 134648	    140	  68668	 203456	  31ac0	FW_frtos_mqtt.elf
Finished building: default.size.stdout
 
Finished building: FW_frtos_mqtt.list
 
16:14:02 **** Incremental Build of configuration Debug for project FW_frtos_mqtt ****
make -j7 all 
arm-none-eabi-size   FW_frtos_mqtt.elf 
   text	   data	    bss	    dec	    hex	filename
 134648	    140	  68668	 203456	  31ac0	FW_frtos_mqtt.elf
Finished building: default.size.stdout
 
