14:02:39 **** Incremental Build of configuration Debug for project UART ****
make -j7 all 
arm-none-eabi-gcc "../Core/Src/main.c" -mcpu=cortex-m7 -std=gnu11 -g3 -DDEBUG -DUSE_HAL_DRIVER -DSTM32F767xx -c -I../Core/Inc -I../Drivers/STM32F7xx_HAL_Driver/Inc -I../Drivers/STM32F7xx_HAL_Driver/Inc/Legacy -I../Drivers/CMSIS/Device/ST/STM32F7xx/Include -I../Drivers/CMSIS/Include -O0 -ffunction-sections -fdata-sections -Wall -fstack-usage -MMD -MP -MF"Core/Src/main.d" -MT"Core/Src/main.o" --specs=nano.specs -mfpu=fpv5-d16 -mfloat-abi=hard -mthumb -o "Core/Src/main.o"
arm-none-eabi-gcc -o "UART.elf" @"objects.list"   -mcpu=cortex-m7 -T"/Users/cesarcruz/STM32CubeIDE/workspace_1.6.1/UART/STM32F767ZITX_FLASH.ld" --specs=nosys.specs -Wl,-Map="UART.map" -Wl,--gc-sections -static --specs=nano.specs -mfpu=fpv5-d16 -mfloat-abi=hard -mthumb -Wl,--start-group -lc -lm -Wl,--end-group
Finished building target: UART.elf
 
arm-none-eabi-size   UART.elf 
arm-none-eabi-objdump -h -S  UART.elf  > "UART.list"
arm-none-eabi-objcopy  -O binary  UART.elf  "UART.bin"
   text	   data	    bss	    dec	    hex	filename
  12004	     20	   1700	  13724	   359c	UART.elf
Finished building: default.size.stdout
 
Finished building: UART.bin
 
Finished building: UART.list
 

14:02:40 Build Finished. 0 errors, 0 warnings. (took 542ms)

